// Jest Snapshot v1, https://goo.gl/fbAQLP

exports[`getHealthHandler 1`] = `
Object {
  "data": Object {
    "message": "ðŸ‘‹ hello, I'm healty",
  },
  "error": undefined,
  "meta": Object {
    "env": "test",
    "name": "tweries-api",
    "timestamp": Any<Number>,
    "version": Any<String>,
  },
}
`;
