// Jest Snapshot v1, https://goo.gl/fbAQLP

exports[`showTweet 1`] = `
Object {
  "id": "1200501818461212672",
}
`;
